[debug] [2026-04-25T19:01:33.937Z] ----------------------------------------------------------------------
[debug] [2026-04-25T19:01:33.938Z] Command:       /usr/local/bin/node /Users/Abdallah.Taqiedin/Library/CloudStorage/OneDrive-EY/Desktop/full-stack-app/node_modules/.bin/firebase init functions
[debug] [2026-04-25T19:01:33.938Z] CLI Version:   15.15.0
[debug] [2026-04-25T19:01:33.939Z] Platform:      darwin
[debug] [2026-04-25T19:01:33.939Z] Node Version:  v24.14.1
[debug] [2026-04-25T19:01:33.939Z] Time:          Sat Apr 25 2026 22:01:33 GMT+0300 (GMT+03:00)
[debug] [2026-04-25T19:01:33.939Z] ----------------------------------------------------------------------
[debug] 
[info] 
     ######## #### ########  ######## ########     ###     ######  ########
     ##        ##  ##     ## ##       ##     ##  ##   ##  ##       ##
     ######    ##  ########  ######   ########  #########  ######  ######
     ##        ##  ##    ##  ##       ##     ## ##     ##       ## ##
     ##       #### ##     ## ######## ########  ##     ##  ######  ########

You're about to initialize a Firebase project in this directory:

  /Users/Abdallah.Taqiedin/Library/CloudStorage/OneDrive-EY/Desktop/full-stack-app

[info] 
=== Project Setup
[info] 
[info] First, let's associate this project directory with a Firebase project.
[info] You can create multiple project aliases by running firebase use --add, 
[info] 
[info] i  If you want to create a project in a Google Cloud organization or folder, please use "firebase projects:create" instead, and return to this command when you've created the project. 
[debug] [2026-04-25T19:01:39.890Z] > command requires scopes: ["email","openid","https://www.googleapis.com/auth/cloudplatformprojects.readonly","https://www.googleapis.com/auth/firebase","https://www.googleapis.com/auth/cloud-platform"]
[debug] [2026-04-25T19:01:39.890Z] > authorizing via signed-in user (golden.peak.trading.admin@gmail.com)
[debug] [2026-04-25T19:01:49.937Z] Checked if tokens are valid: true, expires at: 1777147150288
[debug] [2026-04-25T19:01:49.937Z] Checked if tokens are valid: true, expires at: 1777147150288
[debug] [2026-04-25T19:01:49.939Z] >>> [apiv2][query] POST https://firebase.googleapis.com/v1/projects:checkProjectId [none]
[debug] [2026-04-25T19:01:49.939Z] >>> [apiv2][body] POST https://firebase.googleapis.com/v1/projects:checkProjectId {"proposedId":"golden-peak-trading"}
[debug] [2026-04-25T19:01:50.509Z] <<< [apiv2][status] POST https://firebase.googleapis.com/v1/projects:checkProjectId 200
[debug] [2026-04-25T19:01:50.509Z] <<< [apiv2][body] POST https://firebase.googleapis.com/v1/projects:checkProjectId {"projectIdStatus":"PROJECT_ID_AVAILABLE","suggestedProjectId":"golden-peak-trading"}
[debug] [2026-04-25T19:01:53.194Z] Checked if tokens are valid: true, expires at: 1777147150288
[debug] [2026-04-25T19:01:53.194Z] Checked if tokens are valid: true, expires at: 1777147150288
[debug] [2026-04-25T19:01:53.194Z] >>> [apiv2][query] POST https://cloudresourcemanager.googleapis.com/v1/projects [none]
[debug] [2026-04-25T19:01:53.194Z] >>> [apiv2][body] POST https://cloudresourcemanager.googleapis.com/v1/projects {"projectId":"golden-peak-trading","name":"golden-peak-trading"}
[debug] [2026-04-25T19:01:54.400Z] <<< [apiv2][status] POST https://cloudresourcemanager.googleapis.com/v1/projects 200
[debug] [2026-04-25T19:01:54.400Z] <<< [apiv2][body] POST https://cloudresourcemanager.googleapis.com/v1/projects {"name":"operations/create_project.global.7626554778834590159"}
[debug] [2026-04-25T19:01:54.400Z] Checked if tokens are valid: true, expires at: 1777147150288
[debug] [2026-04-25T19:01:54.400Z] Checked if tokens are valid: true, expires at: 1777147150288
[debug] [2026-04-25T19:01:54.400Z] >>> [apiv2][query] GET https://cloudresourcemanager.googleapis.com/v1/operations/create_project.global.7626554778834590159 [none]
[debug] [2026-04-25T19:01:55.136Z] <<< [apiv2][status] GET https://cloudresourcemanager.googleapis.com/v1/operations/create_project.global.7626554778834590159 200
[debug] [2026-04-25T19:01:55.136Z] <<< [apiv2][body] GET https://cloudresourcemanager.googleapis.com/v1/operations/create_project.global.7626554778834590159 {"name":"operations/create_project.global.7626554778834590159","metadata":{"@type":"type.googleapis.com/google.cloudresourcemanager.v1.ProjectCreationStatus","ready":true},"done":true,"error":{"code":9,"message":"Callers must accept Terms of Service","details":[{"@type":"type.googleapis.com/google.rpc.PreconditionFailure","violations":[{"type":"TOS","subject":"cloud","description":"Callers must accept Terms of Service"}]}]}}
[debug] [2026-04-25T19:01:55.391Z] FirebaseError: Callers must accept Terms of Service
    at OperationPoller.poll (/Users/Abdallah.Taqiedin/Library/CloudStorage/OneDrive-EY/Desktop/full-stack-app/node_modules/firebase-tools/lib/operation-poller.js:25:19)
    at process.processTicksAndRejections (node:internal/process/task_queues:104:5)
    at async createCloudProject (/Users/Abdallah.Taqiedin/Library/CloudStorage/OneDrive-EY/Desktop/full-stack-app/node_modules/firebase-tools/lib/management/projects.js:237:29)
    at async createFirebaseProjectAndLog (/Users/Abdallah.Taqiedin/Library/CloudStorage/OneDrive-EY/Desktop/full-stack-app/node_modules/firebase-tools/lib/management/projects.js:102:9)
    at async Object.doSetup (/Users/Abdallah.Taqiedin/Library/CloudStorage/OneDrive-EY/Desktop/full-stack-app/node_modules/firebase-tools/lib/init/features/project.js:64:24)
    at async init (/Users/Abdallah.Taqiedin/Library/CloudStorage/OneDrive-EY/Desktop/full-stack-app/node_modules/firebase-tools/lib/init/index.js:98:13)
    at async Command.initAction [as actionFn] (/Users/Abdallah.Taqiedin/Library/CloudStorage/OneDrive-EY/Desktop/full-stack-app/node_modules/firebase-tools/lib/commands/init.js:232:5)
[error] 
[error] Error: Failed to create project. See firebase-debug.log for more info.
